// Jest Snapshot v1, https://goo.gl/fbAQLP

exports[`ContentComponent should not render if eventRectangles are null 1`] = `
<div
  id="root0"
  ngx-d3timeline-content=""
>
  
</div>
`;

exports[`ContentComponent should render correctly 1`] = `
<div
  id="root1"
  ngx-d3timeline-content=""
>
  
  <g
    class="content-group"
  >
    
    <g
      transform="translate(50,0)"
    >
      <rect
        height="80"
        width="50"
      />
      <text
        dy="1em"
      >
        Event 1
      </text>
    </g>
    <g
      transform="translate(130,0)"
    >
      <rect
        height="90"
        width="60"
      />
      <text
        dy="1em"
      >
        Event 2
      </text>
    </g>
  </g>
</div>
`;
